// FooType represents the Postgres composite type "foo_type".
type FooType struct {
	Alpha pgtype.Text `json:"alpha"`
}

// SomeTableNested represents the Postgres composite type "some_table_nested".
type SomeTableNested struct {
	Foo    FooType     `json:"foo"`
	BarBaz pgtype.Text `json:"bar_baz"`
}

// ignoredOID means we don't know or care about the OID for a type. This is okay
// because pgx only uses the OID to encode values and lookup a decoder. We only
// use ignoredOID for decoding and we always specify a concrete decoder for scan
// methods.
const ignoredOID = 0

func newCompositeType(name string, fieldNames []string, vals ...pgtype.ValueTranscoder) *pgtype.CompositeType {
	fields := make([]pgtype.CompositeTypeField, len(fieldNames))
	for i, name := range fieldNames {
		fields[i] = pgtype.CompositeTypeField{Name: name, OID: ignoredOID}
	}
	// Okay to ignore error because it's only thrown when the number of field
	// names does not equal the number of ValueTranscoders.
	rowType, _ := pgtype.NewCompositeTypeValues(name, fields, vals)
	return rowType
}

// newFooType creates a new pgtype.ValueTranscoder for the Postgres
// composite type 'foo_type'.
func newFooType() pgtype.ValueTranscoder {
	return newCompositeType(
		"foo_type",
		[]string{"alpha"},
		&pgtype.Text{},
	)
}

// newSomeTableNested creates a new pgtype.ValueTranscoder for the Postgres
// composite type 'some_table_nested'.
func newSomeTableNested() pgtype.ValueTranscoder {
	return newCompositeType(
		"some_table_nested",
		[]string{"foo", "bar_baz"},
		newFooType(),
		&pgtype.Text{},
	)
}