// FooType represents the Postgres composite type "foo_type".
type FooType struct {
	Alpha pgtype.Text `json:"alpha"`
}

// SomeTable represents the Postgres composite type "some_table".
type SomeTable struct {
	Foo    FooType     `json:"foo"`
	BarBaz pgtype.Text `json:"bar_baz"`
}

// newFooTypeDecoder creates a new decoder for the Postgres 'foo_type' composite type.
func newFooTypeDecoder() pgtype.ValueTranscoder {
	return newCompositeType(
		"foo_type",
		[]string{"alpha"},
		&nil,
	)
}

// newSomeTableDecoder creates a new decoder for the Postgres 'some_table' composite type.
func newSomeTableDecoder() pgtype.ValueTranscoder {
	return newCompositeType(
		"some_table",
		[]string{"foo", "bar_baz"},
		newFooTypeDecoder(),
		&nil,
	)
}

// ignoredOID means we don't know or care about the OID for a type. This is okay
// because pgx only uses the OID to encode values and lookup a decoder. We only
// use ignoredOID for decoding and we always specify a concrete decoder for scan
// methods.
const ignoredOID = 0

func newCompositeType(name string, fieldNames []string, vals ...pgtype.ValueTranscoder) *pgtype.CompositeType {
	fields := make([]pgtype.CompositeTypeField, len(fieldNames))
	for i, name := range fieldNames {
		fields[i] = pgtype.CompositeTypeField{Name: name, OID: ignoredOID}
	}
	// Okay to ignore error because it's only thrown when the number of field
	// names does not equal the number of ValueTranscoders.
	rowType, _ := pgtype.NewCompositeTypeValues(name, fields, vals)
	return rowType
}